This is XeTeX, Version 3.141592653-2.6-0.999996 (TeX Live 2025/dev/Debian) (preloaded format=xelatex 2026.1.7)  7 JAN 2026 18:32
entering extended mode
 restricted \write18 enabled.
 %&-line parsing enabled.
**test.tex
(./test.tex
LaTeX2e <2024-11-01> patch level 2
L3 programming layer <2025-01-18>
(/usr/share/texlive/texmf-dist/tex/latex/base/article.cls
Document Class: article 2024/06/29 v1.4n Standard LaTeX document class
(/usr/share/texlive/texmf-dist/tex/latex/base/size10.clo
File: size10.clo 2024/06/29 v1.4n Standard LaTeX file (size option)
)
\c@part=\count192
\c@section=\count193
\c@subsection=\count194
\c@subsubsection=\count195
\c@paragraph=\count196
\c@subparagraph=\count197
\c@figure=\count198
\c@table=\count199
\abovecaptionskip=\skip49
\belowcaptionskip=\skip50
\bibindent=\dimen141
)
(/usr/share/texlive/texmf-dist/tex/latex/fontspec/fontspec.sty
(/usr/share/texlive/texmf-dist/tex/latex/l3packages/xparse/xparse.sty
(/usr/share/texlive/texmf-dist/tex/latex/l3kernel/expl3.sty
Package: expl3 2025-01-18 L3 programming layer (loader) 

(/usr/share/texlive/texmf-dist/tex/latex/l3backend/l3backend-xetex.def
File: l3backend-xetex.def 2024-05-08 L3 backend support: XeTeX
\g__graphics_track_int=\count266
\l__pdf_internal_box=\box52
\g__pdf_backend_annotation_int=\count267
\g__pdf_backend_link_int=\count268
))
Package: xparse 2024-08-16 L3 Experimental document command parser
)
Package: fontspec 2024/05/11 v2.9e Font selection for XeLaTeX and LuaLaTeX

(/usr/share/texlive/texmf-dist/tex/latex/fontspec/fontspec-xetex.sty
Package: fontspec-xetex 2024/05/11 v2.9e Font selection for XeLaTeX and LuaLaTe
X
\l__fontspec_script_int=\count269
\l__fontspec_language_int=\count270
\l__fontspec_strnum_int=\count271
\l__fontspec_tmp_int=\count272
\l__fontspec_tmpa_int=\count273
\l__fontspec_tmpb_int=\count274
\l__fontspec_tmpc_int=\count275
\l__fontspec_em_int=\count276
\l__fontspec_emdef_int=\count277
\l__fontspec_strong_int=\count278
\l__fontspec_strongdef_int=\count279
\l__fontspec_tmpa_dim=\dimen142
\l__fontspec_tmpb_dim=\dimen143
\l__fontspec_tmpc_dim=\dimen144

(/usr/share/texlive/texmf-dist/tex/latex/base/fontenc.sty
Package: fontenc 2021/04/29 v2.0v Standard LaTeX package
)
(/usr/share/texlive/texmf-dist/tex/latex/fontspec/fontspec.cfg)))

! Package fontspec Error: 
(fontspec)                The font "Roboto Slab" cannot be found; this may
(fontspec)                be but usually is not a fontspec bug. Either there
(fontspec)                is a typo in the font name/file, the font is not
(fontspec)                installed (correctly), or there is a bug in the
(fontspec)                underlying font loading engine (XeTeX/luaotfload).

For immediate help type H <return>.
 ...                                              
                                                  
l.1 ...ge{fontspec}\setmainfont{Roboto Slab}\begin
                                                  {document}Hello\end{document}


A font might not be found for many reasons.
 Check the spelling, where the font is installed etc. etc.

 When in doubt, ask someone for help!



Package fontspec Info: 
(fontspec)             Could not resolve font "Roboto Slab/BI" (it probably
(fontspec)             doesn't exist).


Package fontspec Info: 
(fontspec)             Could not resolve font "Roboto Slab/B" (it probably
(fontspec)             doesn't exist).


Package fontspec Info: 
(fontspec)             Could not resolve font "Roboto Slab/I" (it probably
(fontspec)             doesn't exist).


! Package fontspec Error: 
(fontspec)                The font "Roboto Slab" cannot be found; this may
(fontspec)                be but usually is not a fontspec bug. Either there
(fontspec)                is a typo in the font name/file, the font is not
(fontspec)                installed (correctly), or there is a bug in the
(fontspec)                underlying font loading engine (XeTeX/luaotfload).

For immediate help type H <return>.
 ...                                              
                                                  
l.1 ...ge{fontspec}\setmainfont{Roboto Slab}\begin
                                                  {document}Hello\end{document}


A font might not be found for many reasons.
 Check the spelling, where the font is installed etc. etc.

 When in doubt, ask someone for help!



! Package fontspec Error: 
(fontspec)                The font "Roboto Slab" cannot be found; this may
(fontspec)                be but usually is not a fontspec bug. Either there
(fontspec)                is a typo in the font name/file, the font is not
(fontspec)                installed (correctly), or there is a bug in the
(fontspec)                underlying font loading engine (XeTeX/luaotfload).

For immediate help type H <return>.
 ...                                              
                                                  
l.1 ...ge{fontspec}\setmainfont{Roboto Slab}\begin
                                                  {document}Hello\end{document}


A font might not be found for many reasons.
 Check the spelling, where the font is installed etc. etc.

 When in doubt, ask someone for help!



Package fontspec Info: 
(fontspec)             Font family 'RobotoSlab(0)' created for font 'Roboto
(fontspec)             Slab' with options [Ligatures=TeX].
(fontspec)              
(fontspec)              This font family consists of the following NFSS
(fontspec)             series/shapes:
(fontspec)              
(fontspec)             - 'normal' (m/n) with NFSS spec.: <->"Roboto Slab"
(fontspec)             - 'small caps'  (m/sc) with NFSS spec.: <->"Roboto
(fontspec)             Slab"

! Font TU/RobotoSlab(0)/m/n/10="Roboto Slab" at 10.0pt not loadable: Metric (TF
M) file or installed font not found.
<to be read again> 
                   relax 
l.1 ...ge{fontspec}\setmainfont{Roboto Slab}\begin
                                                  {document}Hello\end{document}
I wasn't able to read the size data for this font,
so I will ignore the font specification.
[Wizards can fix TFM files using TFtoPL/PLtoTF.]
You might try inserting a different font spec;
e.g., type `I\font<same font id>=<substitute font name>'.

No file test.aux.
\openout1 = `test.aux'.

LaTeX Font Info:    Checking defaults for OML/cmm/m/it on input line 1.
LaTeX Font Info:    ... okay on input line 1.
LaTeX Font Info:    Checking defaults for OMS/cmsy/m/n on input line 1.
LaTeX Font Info:    ... okay on input line 1.
LaTeX Font Info:    Checking defaults for OT1/cmr/m/n on input line 1.
LaTeX Font Info:    ... okay on input line 1.
LaTeX Font Info:    Checking defaults for T1/cmr/m/n on input line 1.
LaTeX Font Info:    ... okay on input line 1.
LaTeX Font Info:    Checking defaults for TS1/cmr/m/n on input line 1.
LaTeX Font Info:    ... okay on input line 1.
LaTeX Font Info:    Checking defaults for TU/lmr/m/n on input line 1.
LaTeX Font Info:    ... okay on input line 1.
LaTeX Font Info:    Checking defaults for OMX/cmex/m/n on input line 1.
LaTeX Font Info:    ... okay on input line 1.
LaTeX Font Info:    Checking defaults for U/cmr/m/n on input line 1.
LaTeX Font Info:    ... okay on input line 1.

Package fontspec Info: 
(fontspec)             Adjusting the maths setup (use [no-math] to avoid
(fontspec)             this).

\symlegacymaths=\mathgroup4
LaTeX Font Info:    Overwriting symbol font `legacymaths' in version `bold'
(Font)                  OT1/cmr/m/n --> OT1/cmr/bx/n on input line 1.
LaTeX Font Info:    Redeclaring math accent \acute on input line 1.
LaTeX Font Info:    Redeclaring math accent \grave on input line 1.
LaTeX Font Info:    Redeclaring math accent \ddot on input line 1.
LaTeX Font Info:    Redeclaring math accent \tilde on input line 1.
LaTeX Font Info:    Redeclaring math accent \bar on input line 1.
LaTeX Font Info:    Redeclaring math accent \breve on input line 1.
LaTeX Font Info:    Redeclaring math accent \check on input line 1.
LaTeX Font Info:    Redeclaring math accent \hat on input line 1.
LaTeX Font Info:    Redeclaring math accent \dot on input line 1.
LaTeX Font Info:    Redeclaring math accent \mathring on input line 1.
LaTeX Font Info:    Redeclaring math symbol \colon on input line 1.
LaTeX Font Info:    Redeclaring math symbol \Gamma on input line 1.
LaTeX Font Info:    Redeclaring math symbol \Delta on input line 1.
LaTeX Font Info:    Redeclaring math symbol \Theta on input line 1.
LaTeX Font Info:    Redeclaring math symbol \Lambda on input line 1.
LaTeX Font Info:    Redeclaring math symbol \Xi on input line 1.
LaTeX Font Info:    Redeclaring math symbol \Pi on input line 1.
LaTeX Font Info:    Redeclaring math symbol \Sigma on input line 1.
LaTeX Font Info:    Redeclaring math symbol \Upsilon on input line 1.
LaTeX Font Info:    Redeclaring math symbol \Phi on input line 1.
LaTeX Font Info:    Redeclaring math symbol \Psi on input line 1.
LaTeX Font Info:    Redeclaring math symbol \Omega on input line 1.
LaTeX Font Info:    Redeclaring math symbol \mathdollar on input line 1.
LaTeX Font Info:    Redeclaring symbol font `operators' on input line 1.
LaTeX Font Info:    Encoding `OT1' has changed to `TU' for symbol font
(Font)              `operators' in the math version `normal' on input line 1.
LaTeX Font Info:    Overwriting symbol font `operators' in version `normal'
(Font)                  OT1/cmr/m/n --> TU/RobotoSlab(0)/m/n on input line 1.
LaTeX Font Info:    Encoding `OT1' has changed to `TU' for symbol font
(Font)              `operators' in the math version `bold' on input line 1.
LaTeX Font Info:    Overwriting symbol font `operators' in version `bold'
(Font)                  OT1/cmr/bx/n --> TU/RobotoSlab(0)/m/n on input line 1.
LaTeX Font Info:    Overwriting symbol font `operators' in version `normal'
(Font)                  TU/RobotoSlab(0)/m/n --> TU/RobotoSlab(0)/m/n on input 
line 1.
LaTeX Font Info:    Overwriting math alphabet `\mathit' in version `normal'
(Font)                  OT1/cmr/m/it --> TU/RobotoSlab(0)/m/it on input line 1.

LaTeX Font Info:    Overwriting math alphabet `\mathbf' in version `normal'
(Font)                  OT1/cmr/bx/n --> TU/RobotoSlab(0)/b/n on input line 1.
LaTeX Font Info:    Overwriting math alphabet `\mathsf' in version `normal'
(Font)                  OT1/cmss/m/n --> TU/lmss/m/n on input line 1.
LaTeX Font Info:    Overwriting math alphabet `\mathtt' in version `normal'
(Font)                  OT1/cmtt/m/n --> TU/lmtt/m/n on input line 1.
LaTeX Font Info:    Overwriting symbol font `operators' in version `bold'
(Font)                  TU/RobotoSlab(0)/m/n --> TU/RobotoSlab(0)/b/n on input 
line 1.
LaTeX Font Info:    Overwriting math alphabet `\mathit' in version `bold'
(Font)                  OT1/cmr/bx/it --> TU/RobotoSlab(0)/b/it on input line 1
.
LaTeX Font Info:    Overwriting math alphabet `\mathsf' in version `bold'
(Font)                  OT1/cmss/bx/n --> TU/lmss/b/n on input line 1.
LaTeX Font Info:    Overwriting math alphabet `\mathtt' in version `bold'
(Font)                  OT1/cmtt/m/n --> TU/lmtt/b/n on input line 1.
Missing character: There is no H ("48) in font nullfont!
Missing character: There is no e ("65) in font nullfont!
Missing character: There is no l ("6C) in font nullfont!
Missing character: There is no l ("6C) in font nullfont!
Missing character: There is no o ("6F) in font nullfont!


Missing character: There is no 1 ("31) in font nullfont!
[1

] (./test.aux)
 ***********
LaTeX2e <2024-11-01> patch level 2
L3 programming layer <2025-01-18>
 ***********
 ) 
Here is how much of TeX's memory you used:
 2873 strings out of 475878
 95548 string characters out of 5776186
 507363 words of memory out of 5000000
 25838 multiletter control sequences out of 15000+600000
 558853 words of font info for 38 fonts, out of 8000000 for 9000
 14 hyphenation exceptions out of 8191
 79i,5n,93p,330b,232s stack positions out of 10000i,1000n,20000p,200000b,200000s

Output written on test.pdf (1 page).
